<html><head><meta http-equiv="content-type" content="text/html; charset=utf-8" /><link rel="stylesheet" type="text/css" href="../../../style.css" media="all" /></head><body><pre>
<span class="line">  1: </span><span class="html-tag">&lt;!DOCTYPE</span><span class="html-tagin"> html PUBLIC </span><span class="html-quote">&quot;-//W3C//DTD XHTML 1.0 Transitional//EN&quot;</span><span class="html-tagin"> </span><span class="html-quote">&quot;http://www.w3.org/TR/xhtml1/DTD/xhtml1-transitional.dtd&quot;</span><span class="html-tag">&gt;</span>
<span class="line">  2: </span>
<span class="line">  3: </span><span class="html-tag">&lt;ul&gt;</span>
<span class="line">  4: </span>    <span class="html-tag">&lt;li&gt;</span>Escaped: <span class="latte-tag">{</span><span class="latte-macro-value">$hello</span><span class="latte-tag">}</span><span class="html-tag">&lt;/li&gt;</span>
<span class="line">  5: </span>    <span class="html-tag">&lt;li&gt;</span>Non-escaped: <span class="latte-tag">{</span><span class="latte-macro">!</span><span class="latte-macro-value">$hello</span><span class="latte-tag">}</span><span class="html-tag">&lt;/li&gt;</span>
<span class="line">  6: </span>    <span class="html-tag">&lt;li&gt;</span>Escaped expression: <span class="latte-tag">{</span><span class="latte-macro">=</span><span class="latte-macro-value">'&lt;' . 'b' . '&gt;hello' . '&lt;/b&gt;'</span><span class="latte-tag">}</span><span class="html-tag">&lt;/li&gt;</span>
<span class="line">  7: </span>    <span class="html-tag">&lt;li&gt;</span>Non-escaped expression: <span class="latte-tag">{</span><span class="latte-macro">!=</span><span class="latte-macro-value">'&lt;' . 'b' . '&gt;hello' . '&lt;/b&gt;'</span><span class="latte-tag">}</span><span class="html-tag">&lt;/li&gt;</span>
<span class="line">  8: </span>    <span class="html-tag">&lt;li&gt;</span>Array access: <span class="latte-tag">{</span><span class="latte-macro-value">$people[1]</span><span class="latte-tag">}</span><span class="html-tag">&lt;/li&gt;</span>
<span class="line">  9: </span>    <span class="html-tag">&lt;li&gt;</span>Html: <span class="latte-tag">{</span><span class="latte-macro-value">$el</span><span class="latte-tag">}</span><span class="html-tag">&lt;/li&gt;</span>
<span class="line"> 10: </span>    <span class="html-tag">&lt;li&gt;</span>Translated: <span class="latte-tag">{</span><span class="latte-macro">_</span><span class="latte-macro-value">$people[1]</span><span class="latte-tag">}</span><span class="html-tag">&lt;/li&gt;</span>
<span class="line"> 11: </span>    <span class="html-tag">&lt;li&gt;</span>Translated string: <span class="latte-tag">{</span><span class="latte-macro">_</span><span class="latte-macro-value">ahoj</span><span class="latte-tag">}</span><span class="html-tag">&lt;/li&gt;</span>
<span class="line"> 12: </span>    <span class="html-tag">&lt;li&gt;</span>Non-escaped and translated: <span class="latte-tag">{</span><span class="latte-macro">!_</span><span class="latte-macro-value">$people[1]</span><span class="latte-tag">}</span><span class="html-tag">&lt;/li&gt;</span>
<span class="line"> 13: </span>    <span class="html-tag">&lt;li&gt;</span>Condition: <span class="latte-tag">{</span><span class="latte-macro-value">$hello ? yes</span><span class="latte-tag">}</span> <span class="latte-tag">{</span><span class="latte-macro">=</span><span class="latte-macro-value">$hello ? yes</span><span class="latte-tag">}</span><span class="html-tag">&lt;/li&gt;</span>
<span class="line"> 14: </span>    <span class="html-tag">&lt;li&gt;</span>Array: <span class="latte-tag">{</span><span class="latte-macro-value">$hello ? [a, b, c]</span><span class="latte-macro-modifiers-delim">|</span><span class="latte-macro-modifiers">join</span><span class="latte-tag">}</span> <span class="latte-tag">{</span><span class="latte-macro">=</span><span class="latte-macro-value">[a, b, $hello ? c]</span><span class="latte-macro-modifiers-delim">|</span><span class="latte-macro-modifiers">join</span><span class="latte-tag">}</span><span class="html-tag">&lt;/li&gt;</span>
<span class="line"> 15: </span><span class="html-tag">&lt;/ul&gt;</span>
<span class="line"> 16: </span>
<span class="line"> 17: </span><span class="html-tag">&lt;input/&gt;</span> <span class="html-tag">&lt;input</span><span class="html-tagin"> </span><span class="html-tag">/&gt;</span> <span class="html-tag">&lt;input&gt;</span>
<span class="line"> 18: </span>
<span class="line"> 19: </span><span class="html-tag">&lt;input</span><span class="html-tagin"> checked</span><span class="html-tag">&gt;</span> <span class="html-tag">&lt;input</span><span class="html-tagin"> checked=</span><span class="html-quote">&quot;checked&quot;</span><span class="html-tag">&gt;</span>
<span class="line"> 20: </span>
<span class="line"> 21: </span>{ test} <span class="latte-tag">{&quot;</span><span class="latte-macro">test</span><span class="latte-tag">}</span> <span class="latte-tag">{'</span><span class="latte-macro">test</span><span class="latte-tag">}</span>
<span class="line"> 22: </span>
<span class="line"> 23: </span><span class="html-tag">&lt;p</span><span class="html-tagin"> </span><span class="latte-nattr">n:attr=</span><span class="latte-nattr-in">&quot;title =&gt; $hello, lang =&gt; isset($lang) ? $lang&quot;</span><span class="html-tag">&gt;</span> <span class="html-tag">&lt;/p&gt;</span>
<span class="line"> 24: </span>
<span class="line"> 25: </span><span class="html-tag">&lt;p</span><span class="html-tagin"> val = </span><span class="latte-tag">{</span><span class="latte-macro">if</span><span class="latte-macro-value"> true</span><span class="latte-tag">}</span>&quot;a&quot;<span class="latte-tag">{</span><span class="latte-macro">else</span><span class="latte-tag">}</span>&quot;b&quot;<span class="latte-tag">{</span><span class="latte-macro">/if</span><span class="latte-tag">}</span>&gt; <span class="html-tag">&lt;/p&gt;</span>
<span class="line"> 26: </span>
<span class="line"> 27: </span><span class="html-tag">&lt;p</span><span class="html-tagin"> val0 val1 = tmp val2=tmp val3=</span><span class="html-quote">&quot;x&quot;</span><span class="html-tag">/&gt;</span> <span class="html-tag">&lt;/p&gt;</span>
<span class="line"> 28: </span>
<span class="line"> 29: </span><span class="html-tag">&lt;p</span><span class="html-tagin"> val = </span><span class="latte-tag">{</span><span class="latte-macro-value">$xss</span><span class="latte-tag">}</span>&gt; <span class="html-tag">&lt;/p&gt;</span>
<span class="line"> 30: </span>
<span class="line"> 31: </span><span class="html-tag">&lt;p</span><span class="html-tagin"> val = </span><span class="html-tag">/&gt;</span><span class="latte-tag">{</span><span class="latte-macro-value">$xss</span><span class="latte-tag">}</span><span class="html-tag">&lt;/p&gt;</span>
<span class="line"> 32: </span>
<span class="line"> 33: </span><span class="latte-tag">{</span><span class="latte-macro">=</span><span class="latte-macro-value"> (string) (bool) (float) (int) (array) 10</span><span class="latte-tag">}</span>
<span class="line"> 34: </span>
<span class="line"> 35: </span><span class="latte-tag">{</span><span class="latte-comment">* comment *</span><span class="latte-tag">}</span>
<span class="line"> 36: </span>
<span class="line"> 37: </span><span class="latte-tag">{</span><span class="latte-comment">* multi {inner} {inner}
</span><span class="line"> 38: </span><span class="latte-comment">line
</span><span class="line"> 39: </span><span class="latte-comment">comment *</span><span class="latte-tag">}</span>
<span class="line"> 40: </span>
<span class="line"> 41: </span>
<span class="line"> 42: </span><span class="latte-tag">{</span><span class="latte-macro">if</span><span class="latte-macro-value"> $hello</span><span class="latte-tag">}</span>
<span class="line"> 43: </span>    <span class="latte-tag">{</span><span class="latte-macro-value">$hello</span><span class="latte-tag">}</span>
<span class="line"> 44: </span><span class="latte-tag">{</span><span class="latte-macro">elseif</span><span class="latte-macro-value"> $any</span><span class="latte-tag">}</span>
<span class="line"> 45: </span>    <span class="latte-tag">{</span><span class="latte-macro-value">$any</span><span class="latte-tag">}</span>
<span class="line"> 46: </span><span class="latte-tag">{</span><span class="latte-macro">else</span><span class="latte-tag">}</span>
<span class="line"> 47: </span>    none
<span class="line"> 48: </span><span class="latte-tag">{/}</span>
<span class="line"> 49: </span>
<span class="line"> 50: </span>
<span class="line"> 51: </span><span class="latte-tag">{</span><span class="latte-macro">foreach</span><span class="latte-macro-value"> array(TRUE) as $foo</span><span class="latte-tag">}</span>
<span class="line"> 52: </span>    <span class="latte-tag">{</span><span class="latte-macro">foreach</span><span class="latte-macro-value"> $people as $person</span><span class="latte-tag">}</span>
<span class="line"> 53: </span>    <span class="latte-tag">{</span><span class="latte-macro">if</span><span class="latte-macro-value"> $iterator-&gt;isFirst()</span><span class="latte-tag">}</span><span class="html-tag">&lt;ul&gt;</span><span class="latte-tag">{</span><span class="latte-macro">/if</span><span class="latte-tag">}</span>
<span class="line"> 54: </span>    <span class="html-tag">&lt;li</span><span class="html-tagin"> id=</span><span class="html-quote">&quot;item-{$iterator-&gt;getCounter()}&quot;</span><span class="html-tagin"> class=</span><span class="html-quote">&quot;{$iterator-&gt;isOdd() ? 'odd' : 'even'}&quot;</span><span class="html-tag">&gt;</span><span class="latte-tag">{</span><span class="latte-macro-value">$person</span><span class="latte-tag">}</span><span class="html-tag">&lt;/li&gt;</span>
<span class="line"> 55: </span>    <span class="latte-tag">{</span><span class="latte-macro">if</span><span class="latte-macro-value"> $iterator-&gt;isLast()</span><span class="latte-tag">}</span><span class="html-tag">&lt;/ul&gt;</span><span class="latte-tag">{</span><span class="latte-macro">/if</span><span class="latte-tag">}</span>
<span class="line"> 56: </span>    <span class="latte-tag">{</span><span class="latte-macro">/foreach</span><span class="latte-tag">}</span>
<span class="line"> 57: </span><span class="latte-tag">{</span><span class="latte-macro">/foreach</span><span class="latte-tag">}</span>
<span class="line"> 58: </span>
<span class="line"> 59: </span>
<span class="line"> 60: </span>
<span class="line"> 61: </span><span class="html-tag">&lt;style</span><span class="html-tagin"> type=</span><span class="html-quote">&quot;text/css&quot;</span><span class="html-tag">&gt;</span>
<span class="line"> 62: </span>&lt;!--
<span class="line"> 63: </span><span class="css-id">#</span>{$<span class="css-property">xss</span>} {
<span class="line"> 64: </span>    <span class="css-property">background</span>:<span class="css-value"> blue</span>;
<span class="line"> 65: </span>}
<span class="line"> 66: </span>--&gt;
<span class="line"> 67: </span><span class="html-tag">&lt;/style&gt;</span>
<span class="line"> 68: </span>
<span class="line"> 69: </span>
<span class="line"> 70: </span>
<span class="line"> 71: </span><span class="html-tag">&lt;script&gt;</span><span class="js-out">
</span><span class="line"> 72: </span><span class="js-out">&lt;!--
</span><span class="line"> 73: </span><span class="js-out">alert(</span><span class="js-quote">'&lt;/div&gt;'</span><span class="js-out">);
</span><span class="line"> 74: </span><span class="js-out">
</span><span class="line"> 75: </span><span class="js-keywords1">var</span><span class="js-out"> prop = {$people};
</span><span class="line"> 76: </span><span class="js-out">
</span><span class="line"> 77: </span><span class="js-keywords2">document</span><span class="js-out">.</span><span class="js-keywords2">getElementById</span><span class="js-out">({$xss}).style.backgroundColor = </span><span class="js-quote">'red'</span><span class="js-out">;
</span><span class="line"> 78: </span><span class="js-out">
</span><span class="line"> 79: </span><span class="js-keywords1">var</span><span class="js-out"> html = {$el};
</span><span class="line"> 80: </span><span class="js-out">--&gt;
</span><span class="line"> 81: </span><span class="html-tag">&lt;/script&gt;</span>
<span class="line"> 82: </span>
<span class="line"> 83: </span>
<span class="line"> 84: </span><span class="html-tag">&lt;script&gt;</span><span class="js-out">
</span><span class="line"> 85: </span><span class="js-comment">/* &lt;![CDATA[ */</span><span class="js-out">
</span><span class="line"> 86: </span><span class="js-out">
</span><span class="line"> 87: </span><span class="js-keywords1">var</span><span class="js-out"> prop2 = {$people};
</span><span class="line"> 88: </span><span class="js-out">
</span><span class="line"> 89: </span><span class="js-comment">/* ]]&gt; */</span><span class="js-out">
</span><span class="line"> 90: </span><span class="html-tag">&lt;/script&gt;</span>
<span class="line"> 91: </span>
<span class="line"> 92: </span>
<span class="line"> 93: </span><span class="html-tag">&lt;p</span><span class="html-tagin"> onclick =
</span><span class="line"> 94: </span><span class="html-quote">'alert({$xss});alert(&quot;hello&quot;);'</span><span class="html-tagin">
</span><span class="line"> 95: </span><span class="html-tagin"> title=</span><span class="html-quote">'{$xss}'</span><span class="html-tagin">
</span><span class="line"> 96: </span><span class="html-tagin"> style =
</span><span class="line"> 97: </span><span class="html-tagin"> </span><span class="html-quote">&quot;color:{$xss};&quot;</span><span class="html-tagin">
</span><span class="line"> 98: </span><span class="html-tagin"> rel=</span><span class="html-quote">&quot;{$xss}&quot;</span><span class="html-tagin">
</span><span class="line"> 99: </span><span class="html-tagin"> onblur=</span><span class="html-quote">&quot;alert({$xss})&quot;</span><span class="html-tagin">
</span><span class="line">100: </span><span class="html-tagin"> alt=</span><span class="html-quote">'{$el}'</span><span class="html-tagin">
</span><span class="line">101: </span><span class="html-tagin"> onfocus=</span><span class="html-quote">&quot;alert({$el})&quot;</span><span class="html-tagin">
</span><span class="line">102: </span><span class="html-tag">&gt;</span>click on me <span class="latte-tag">{</span><span class="latte-macro-value">$xss</span><span class="latte-tag">}</span><span class="html-tag">&lt;/p&gt;</span>
<span class="line">103: </span>
<span class="line">104: </span>
<span class="line">105: </span>
<span class="line">106: </span><span class="latte-tag">{</span><span class="latte-macro">var</span><span class="latte-macro-value"> $counter = 0</span><span class="latte-tag">}</span>
<span class="line">107: </span><span class="latte-tag">{</span><span class="latte-macro">block</span><span class="latte-macro-value"> #menu</span><span class="latte-tag">}</span>
<span class="line">108: </span><span class="html-tag">&lt;ul&gt;</span>
<span class="line">109: </span>    <span class="latte-tag">{</span><span class="latte-macro">foreach</span><span class="latte-macro-value"> $menu as $item</span><span class="latte-tag">}</span>
<span class="line">110: </span>    <span class="html-tag">&lt;li&gt;</span><span class="latte-tag">{</span><span class="latte-macro-value">$counter++</span><span class="latte-tag">}</span> <span class="latte-tag">{</span><span class="latte-macro">if</span><span class="latte-macro-value"> is_array($item)</span><span class="latte-tag">}</span> <span class="latte-tag">{</span><span class="latte-macro">include</span><span class="latte-macro-value"> #this, 'menu' =&gt; $item</span><span class="latte-tag">}</span> <span class="latte-tag">{</span><span class="latte-macro">else</span><span class="latte-tag">}{</span><span class="latte-macro-value">$item</span><span class="latte-tag">}{</span><span class="latte-macro">/if</span><span class="latte-tag">}</span><span class="html-tag">&lt;/li&gt;</span>
<span class="line">111: </span>    <span class="latte-tag">{</span><span class="latte-macro">/foreach</span><span class="latte-tag">}</span>
<span class="line">112: </span><span class="html-tag">&lt;/ul&gt;</span>
<span class="line">113: </span><span class="latte-tag">{</span><span class="latte-macro">/block</span><span class="latte-tag">}</span>
<span class="line">114: </span>
<span class="line">115: </span>
<span class="line">116: </span><span class="latte-tag">{</span><span class="latte-macro">default</span><span class="latte-macro-value"> $varx = 2</span><span class="latte-tag">}{</span><span class="latte-macro-value">$varx</span><span class="latte-tag">}</span>
<span class="line">117: </span><span class="latte-tag">{</span><span class="latte-macro">default</span><span class="latte-macro-value"> varx =&gt; 4</span><span class="latte-tag">}{</span><span class="latte-macro-value">$varx</span><span class="latte-tag">}</span>
<span class="line">118: </span>
<span class="line">119: </span><span class="latte-tag">{</span><span class="latte-macro">var</span><span class="latte-macro-value"> varx =&gt; 8</span><span class="latte-tag">}{</span><span class="latte-macro-value">$varx</span><span class="latte-tag">}</span>
<span class="line">120: </span><span class="latte-tag">{</span><span class="latte-macro">var</span><span class="latte-macro-value"> $varx =&gt; 9</span><span class="latte-tag">}{</span><span class="latte-macro-value">$varx</span><span class="latte-tag">}</span>
<span class="line">121: </span>
<span class="line">122: </span><span class="latte-tag">{</span><span class="latte-macro">var</span><span class="latte-macro-value"> $now = new DateTime</span><span class="latte-tag">}</span>
<span class="line">123: </span><span class="latte-tag">{</span><span class="latte-macro">var</span><span class="latte-macro-value"> $foo = $now-&gt;format('u')</span><span class="latte-tag">}</span>
<span class="line">124: </span><span class="latte-tag">{</span><span class="latte-macro">default</span><span class="latte-macro-value"> $foo = $now-&gt;format('u')</span><span class="latte-tag">}</span>
<span class="line">125: </span>
<span class="line">126: </span><span class="html-comment">&lt;!-- </span><span class="latte-tag">{</span><span class="latte-macro-value">$comment</span><span class="latte-tag">}</span> --&gt;
<span class="line">127: </span>
<span class="line">128: </span>
<span class="line">129: </span><span class="html-tag">&lt;/ul&gt;</span>
<span class="line">130: </span>
<span class="line">131: </span>
<span class="line">132: </span><span class="html-tag">&lt;ul</span><span class="html-tagin"> title=</span><span class="html-quote">&quot;foreach&quot;</span><span class="html-tag">&gt;</span>
<span class="line">133: </span>    <span class="html-tag">&lt;li</span><span class="html-tagin"> </span><span class="latte-nattr">n:foreach=</span><span class="latte-nattr-in">&quot;$people as $person&quot;</span><span class="html-tag">&gt;</span><span class="latte-tag">{</span><span class="latte-macro-value">$person</span><span class="latte-tag">}</span><span class="html-tag">&lt;/li&gt;</span>
<span class="line">134: </span><span class="html-tag">&lt;/ul&gt;</span>
<span class="line">135: </span>
<span class="line">136: </span><span class="html-tag">&lt;ul</span><span class="html-tagin"> title=</span><span class="html-quote">&quot;for&quot;</span><span class="html-tag">&gt;</span>
<span class="line">137: </span>    <span class="html-tag">&lt;li</span><span class="html-tagin"> </span><span class="latte-nattr">n:for=</span><span class="latte-nattr-in">&quot;$i=0;$i&lt;3;$i++&quot;</span><span class="html-tag">&gt;</span><span class="latte-tag">{</span><span class="latte-macro-value">$i</span><span class="latte-tag">}</span><span class="html-tag">&lt;/li&gt;</span>
<span class="line">138: </span><span class="html-tag">&lt;/ul&gt;</span>
<span class="line">139: </span>
<span class="line">140: </span><span class="html-tag">&lt;ul</span><span class="html-tagin"> title=</span><span class="html-quote">&quot;white&quot;</span><span class="html-tag">&gt;</span>
<span class="line">141: </span>    <span class="html-tag">&lt;li</span><span class="html-tagin"> </span><span class="latte-nattr">n:while=</span><span class="latte-nattr-in">&quot;--$i&gt;0&quot;</span><span class="html-tag">&gt;</span><span class="latte-tag">{</span><span class="latte-macro-value">$i</span><span class="latte-tag">}</span><span class="html-tag">&lt;/li&gt;</span>
<span class="line">142: </span><span class="html-tag">&lt;/ul&gt;</span>
<span class="line">143: </span>
<span class="line">144: </span><span class="html-tag">&lt;p</span><span class="html-tagin"> </span><span class="latte-nattr">n:if=</span><span class="latte-nattr-in">&quot;true&quot;</span><span class="html-tag">&gt;</span>
<span class="line">145: </span>    <span class="html-tag">&lt;div&gt;&lt;p&gt;</span>true<span class="html-tag">&lt;/div&gt;</span>
<span class="line">146: </span><span class="html-tag">&lt;/p&gt;</span>
<span class="line">147: </span>
<span class="line">148: </span><span class="html-tag">&lt;p</span><span class="html-tagin"> </span><span class="latte-nattr">n:if=</span><span class="latte-nattr-in">&quot;true&quot;</span><span class="html-tag">&gt;</span>
<span class="line">149: </span>    <span class="html-tag">&lt;div&gt;&lt;p&gt;</span>true<span class="html-tag">&lt;/p&gt;&lt;/div&gt;</span>
<span class="line">150: </span><span class="html-tag">&lt;/p&gt;</span>
<span class="line">151: </span>
<span class="line">152: </span><span class="html-tag">&lt;p</span><span class="html-tagin"> </span><span class="latte-nattr">n:if=</span><span class="latte-nattr-in">&quot;false&quot;</span><span class="html-tag">&gt;</span>
<span class="line">153: </span>    <span class="html-tag">&lt;div&gt;&lt;p&gt;</span>false<span class="html-tag">&lt;/div&gt;</span>
<span class="line">154: </span><span class="html-tag">&lt;/p&gt;</span>
<span class="line">155: </span>
<span class="line">156: </span><span class="html-tag">&lt;p</span><span class="html-tagin"> </span><span class="latte-nattr">n:if=</span><span class="latte-nattr-in">&quot;false&quot;</span><span class="html-tag">&gt;</span>
<span class="line">157: </span>    <span class="html-tag">&lt;div&gt;&lt;p&gt;</span>false<span class="html-tag">&lt;/p&gt;&lt;/div&gt;</span>
<span class="line">158: </span><span class="html-tag">&lt;/p&gt;</span>
<span class="line">159: </span>
<span class="line">160: </span><span class="html-tag">&lt;p</span><span class="html-tagin"> </span><span class="latte-nattr">n:if=</span><span class="latte-nattr-in">&quot;strlen('{$xss}') &gt; 5&quot;</span><span class="html-tag">&gt;</span>noLatte<span class="html-tag">&lt;/p&gt;</span>
<span class="line">161: </span>
<span class="line">162: </span><span class="html-tag">&lt;ul</span><span class="html-tagin"> title=</span><span class="html-quote">&quot;if + foreach&quot;</span><span class="html-tag">&gt;</span>
<span class="line">163: </span>    <span class="html-tag">&lt;li</span><span class="html-tagin"> </span><span class="latte-nattr">n:if=</span><span class="latte-nattr-in">&quot;strlen($person)===4&quot;</span><span class="html-tagin"> </span><span class="latte-nattr">n:foreach=</span><span class="latte-nattr-in">&quot;$people as $person&quot;</span><span class="html-tag">&gt;</span><span class="latte-tag">{</span><span class="latte-macro-value">$person</span><span class="latte-tag">}</span><span class="html-tag">&lt;/li&gt;</span>
<span class="line">164: </span><span class="html-tag">&lt;/ul&gt;</span>
<span class="line">165: </span>
<span class="line">166: </span><span class="html-tag">&lt;ul</span><span class="html-tagin"> title=</span><span class="html-quote">&quot;if + inner-if + inner-foreach&quot;</span><span class="html-tag">&gt;</span>
<span class="line">167: </span>    <span class="html-tag">&lt;li</span><span class="html-tagin"> </span><span class="latte-nattr">n:if=</span><span class="latte-nattr-in">&quot;empty($iterator)&quot;</span><span class="html-tagin"> </span><span class="latte-nattr">n:inner-if=</span><span class="latte-nattr-in">&quot;strlen($person)===4&quot;</span><span class="html-tagin"> </span><span class="latte-nattr">n:inner-foreach=</span><span class="latte-nattr-in">&quot;$people as $person&quot;</span><span class="html-tag">&gt;</span><span class="latte-tag">{</span><span class="latte-macro-value">$person</span><span class="latte-tag">}</span><span class="html-tag">&lt;/li&gt;</span>
<span class="line">168: </span><span class="html-tag">&lt;/ul&gt;</span>
<span class="line">169: </span>
<span class="line">170: </span><span class="html-tag">&lt;ul</span><span class="html-tagin"> title=</span><span class="html-quote">&quot;inner-if + inner-foreach&quot;</span><span class="html-tagin"> </span><span class="latte-nattr">n:inner-if=</span><span class="latte-nattr-in">&quot;strlen($person)===4&quot;</span><span class="html-tagin"> </span><span class="latte-nattr">n:inner-foreach=</span><span class="latte-nattr-in">&quot;$people as $person&quot;</span><span class="html-tag">&gt;</span>
<span class="line">171: </span>    <span class="html-tag">&lt;li&gt;</span><span class="latte-tag">{</span><span class="latte-macro-value">$person</span><span class="latte-macro-modifiers-delim">|</span><span class="latte-macro-modifiers">lower</span><span class="latte-tag">}</span><span class="html-tag">&lt;/li&gt;</span>
<span class="line">172: </span><span class="html-tag">&lt;/ul&gt;</span>
<span class="line">173: </span>
<span class="line">174: </span><span class="html-tag">&lt;ul</span><span class="html-tagin"> title=</span><span class="html-quote">&quot;block + if + foreach&quot;</span><span class="html-tagin"> </span><span class="latte-nattr">n:block=</span><span class="latte-nattr-in">&quot;#bl&quot;</span><span class="html-tag">&gt;</span>
<span class="line">175: </span>    <span class="html-tag">&lt;li</span><span class="html-tagin"> </span><span class="latte-nattr">n:if=</span><span class="latte-nattr-in">&quot;strlen($person)===4&quot;</span><span class="html-tagin"> </span><span class="latte-nattr">n:foreach=</span><span class="latte-nattr-in">&quot;$people as $person&quot;</span><span class="html-tag">&gt;</span><span class="latte-tag">{</span><span class="latte-macro-value">$person</span><span class="latte-tag">}</span><span class="html-tag">&lt;/li&gt;</span>
<span class="line">176: </span><span class="html-tag">&lt;/ul&gt;</span>
<span class="line">177: </span>
<span class="line">178: </span><span class="html-tag">&lt;b</span><span class="html-tagin"> </span><span class="latte-nattr">n:tag-if=</span><span class="latte-nattr-in">&quot;true&quot;</span><span class="html-tag">&gt;</span>bold<span class="html-tag">&lt;/b&gt;</span> <span class="html-tag">&lt;b</span><span class="html-tagin"> </span><span class="latte-nattr">n:tag-if=</span><span class="latte-nattr-in">&quot;false&quot;</span><span class="html-tag">&gt;</span>normal<span class="html-tag">&lt;/b&gt;</span>
<span class="line">179: </span>
<span class="line">180: </span><span class="html-tag">&lt;b</span><span class="html-tagin"> </span><span class="latte-nattr">n:tag-if=</span><span class="latte-nattr-in">&quot;true&quot;</span><span class="html-tagin"> </span><span class="latte-nattr">n:class=</span><span class="latte-nattr-in">&quot;first&quot;</span><span class="html-tag">&gt;</span>bold<span class="html-tag">&lt;/b&gt;</span>
<span class="line">181: </span>
<span class="line">182: </span><span class="latte-tag">{</span><span class="latte-macro">?
</span><span class="line">183: </span><span class="latte-macro">
</span><span class="line">184: </span><span class="latte-macro-value">    echo 'test'
</span><span class="line">185: </span><span class="latte-macro-value">
</span><span class="line">186: </span><span class="latte-tag">}</span>
<span class="line">187: </span>
<span class="line">188: </span><span class="latte-tag">{</span><span class="latte-macro">l</span><span class="latte-tag">}</span> <span class="latte-tag">{</span><span class="latte-macro">r</span><span class="latte-tag">}</span>
<span class="line">189: </span>
<span class="line">190: </span><span class="html-tag">&lt;p</span><span class="html-tagin"> </span><span class="latte-nattr">n:class=</span><span class="latte-nattr-in">&quot;foo, (false ? first), odd, ($hello ? foo : bar)&quot;</span><span class="html-tag">&gt;</span>n:class<span class="html-tag">&lt;/p&gt;</span>
<span class="line">191: </span>
<span class="line">192: </span><span class="html-tag">&lt;p</span><span class="html-tagin"> </span><span class="latte-nattr">n:class=</span><span class="latte-nattr-in">&quot;false ? first&quot;</span><span class="html-tag">&gt;</span>n:class empty<span class="html-tag">&lt;/p&gt;</span>
<span class="line">193: </span>
<span class="line">194: </span><span class="html-tag">&lt;meta&gt;</span>
<span class="line">195: </span><span class="html-tag">&lt;meta</span><span class="html-tagin"> </span><span class="latte-nattr">n:if=</span><span class="latte-nattr-in">&quot;true&quot;</span><span class="html-tag">&gt;</span>
<span class="line">196: </span><span class="html-tag">&lt;meta</span><span class="html-tagin"> </span><span class="latte-nattr">n:tag-if=</span><span class="latte-nattr-in">&quot;true&quot;</span><span class="html-tag">&gt;</span>
<span class="line">197: </span><span class="html-tag">&lt;meta</span><span class="html-tagin"> </span><span class="latte-nattr">n:inner-if=</span><span class="latte-nattr-in">&quot;true&quot;</span><span class="html-tag">&gt;</span>
<span class="line">198: </span><span class="html-tag">&lt;meta&gt;</span>
<span class="line">199: </span>
<span class="line">200: </span><span class="latte-tag">{</span><span class="latte-macro">if</span><span class="latte-tag">}</span>TRUE<span class="latte-tag">{</span><span class="latte-macro">/if</span><span class="latte-macro-value"> TRUE</span><span class="latte-tag">}</span>
<span class="line">201: </span><span class="latte-tag">{</span><span class="latte-macro">if</span><span class="latte-tag">}</span>FALSE<span class="latte-tag">{</span><span class="latte-macro">/if</span><span class="latte-macro-value"> FALSE</span><span class="latte-tag">}</span>
<span class="line">202: </span><span class="latte-tag">{</span><span class="latte-macro">if</span><span class="latte-tag">}</span>TRUE<span class="latte-tag">{</span><span class="latte-macro">else</span><span class="latte-tag">}</span>FALSE<span class="latte-tag">{</span><span class="latte-macro">/if</span><span class="latte-macro-value"> TRUE</span><span class="latte-tag">}</span>
<span class="line">203: </span>
<span class="line">204: </span><span class="latte-tag">{</span><span class="latte-macro">foreach</span><span class="latte-macro-value"> [1,2,3] as $foo</span><span class="latte-tag">}</span>
<span class="line">205: </span>    <span class="html-tag">&lt;b</span><span class="html-tagin"> </span><span class="latte-nattr">n:class=</span><span class="latte-nattr-in">&quot;$iterator-&gt;even ? even&quot;</span><span class="html-tag">&gt;</span>item<span class="html-tag">&lt;/b&gt;</span>
<span class="line">206: </span><span class="latte-tag">{</span><span class="latte-macro">/foreach</span><span class="latte-tag">}</span>
<span class="line">207: </span>
<span class="line">208: </span><span class="html-tag">&lt;p</span><span class="html-tagin"> </span><span class="latte-nattr">n:foreach=</span><span class="latte-nattr-in">&quot;[1, 2, 3] as $foo&quot;</span><span class="html-tagin"> </span><span class="latte-nattr">n:class=</span><span class="latte-nattr-in">&quot;$iterator-&gt;even ? even&quot;</span><span class="html-tag">&gt;</span><span class="latte-tag">{</span><span class="latte-macro-value">$foo</span><span class="latte-tag">}</span><span class="html-tag">&lt;/p&gt;</span>
<span class="line">209: </span>
<span class="line">210: </span><span class="html-tag">&lt;span</span><span class="html-tagin"> </span><span class="latte-nattr">n:tag-if=</span><span class="latte-nattr-in">&quot;0&quot;</span><span class="html-tagin"> </span><span class="latte-nattr">n:if=</span><span class="latte-nattr-in">&quot;1&quot;</span><span class="html-tagin"> </span><span class="latte-nattr">n:inner-if=</span><span class="latte-nattr-in">&quot;2&quot;</span><span class="html-tagin"> </span><span class="latte-nattr">n:foreach=</span><span class="latte-nattr-in">&quot;[0] as $foo&quot;</span><span class="html-tagin"> </span><span class="latte-nattr">n:tag-foreach=</span><span class="latte-nattr-in">&quot;[1] as $foo&quot;</span><span class="html-tagin"> </span><span class="latte-nattr">n:inner-foreach=</span><span class="latte-nattr-in">&quot;[2] as $foo&quot;</span><span class="html-tag">&gt;</span>Hello<span class="html-tag">&lt;/span&gt;</span>
<span class="line">211: </span>
</pre></body></html>